acceptance_closure_contract: PASS
✔ test_acceptance_closure_contract.js (158.0856ms)
acceptance_containment_rebind_434: PASS
✔ test_acceptance_containment_rebind_434.js (135.7162ms)
acceptance_postcondition_delta_435: PASS
✔ test_acceptance_postcondition_delta_435.js (136.7064ms)
acceptance_stale_before_binding_439: PASS
✔ test_acceptance_stale_before_binding_439.js (146.9662ms)
acceptance_stale_fast_path_438: PASS
✔ test_acceptance_stale_fast_path_438.js (148.6363ms)
acceptance_stale_nonretryable_440: PASS
✔ test_acceptance_stale_nonretryable_440.js (149.6677ms)
Acceptance Sublet cleanup 733 staging contract passed
✔ test_acceptance_sublet_cleanup_733.js (150.7335ms)
Admin block atomic cascade contract passed.
✔ test_admin_block_atomic_cascade.js (149.3849ms)
Admin completed-history exclusion 452: PASS
✔ test_admin_completed_history_452.js (122.9762ms)
All Parts actions shared target contract passed.
✔ test_all_parts_shared_target.js (128.9288ms)
All-vehicle Job Card operation projection parity guard 493: PASS
✔ test_all_vehicle_operation_projection_guard_493.js (130.7474ms)
authenticated_operation_summary_adjustments: PASS
✔ test_authenticated_operation_summary_adjustments.js (130.801ms)
authenticated operation Workshop projection: PASS
✔ test_authenticated_operation_workshop_projection.js (131.7066ms)
751_authenticated_parts_received_contract passed.
✔ test_authenticated_parts_received_751.js (132.4139ms)
authoritative Parts STOPPAGE/recovery contract: PASS
✔ test_authoritative_parts_stoppage_376.js (134.5066ms)
Authoritative planned repack 462: PASS
✔ test_authoritative_planned_repack_462.js (124.6245ms)
Authoritative salesperson assignment 386 contract: PASS
✔ test_authoritative_salesperson_assignment_386.js (126.0824ms)
Direct Inbox reset cutoff 467: PASS
✔ test_bind_direct_inbox_reset_cutoff_467.js (127.0174ms)
Complete QC/Board Job Card operation projection 492: PASS
✔ test_complete_qc_operation_projection_492.js (131.53ms)
Complete vehicle delete SQL contract passed.
✔ test_complete_vehicle_delete_contract.js (132.5916ms)
Complete vehicle delete negative matrix contract passed.
✔ test_complete_vehicle_delete_negative_matrix.js (133.0914ms)
Complete vehicle delete UI/service contract passed.
✔ test_complete_vehicle_delete_ui.js (133.6848ms)
Craig staging repairs regression: PASS
✔ test_craig_staging_repairs_20260904.js (132.1869ms)
PASS: shared lifecycle mode disables and rejects CRM browser-local restore before parsing, confirmation, or storage
✔ test_crm_restore_shared_mode_fail_closed.js (130.6423ms)
Deferred PIT QC detail regression: PASS
✔ test_deferred_pit_qc_detail_20260904.js (158.8238ms)
Deferred PIT QC gate regression: PASS
✔ test_deferred_pit_qc_gate_20260904.js (143.8281ms)
durable RFT transport lifecycle 734 contract passed
✔ test_durable_rft_transport_lifecycle_734.js (154.0335ms)
Dynamic required-work payload and canonical readback contract passed.
✔ test_dynamic_required_work_payload.js (153.3935ms)
email_authoritative_board: PASS
✔ test_email_authoritative_board.js (152.5405ms)
EMAIL UPDATE modal layering contract passed.
✔ test_email_update_modal_layering.js (149.9855ms)
UID639/640 exact all-operation import release checks passed.
✔ test_exact_uid639_640_import_501.js (150.2288ms)
external completion canonical booking-history repair contract passed
✔ test_external_completion_booking_history_revision_20260903.js (149.7371ms)
external completion delivery-milestone scope contract passed
✔ test_external_completion_delivery_milestone_scope_20260903.js (148.6989ms)
external completion hidden-booking cancellation repair contract passed
✔ test_external_completion_hidden_booking_cancel_20260903.js (143.2936ms)
external completion residual-booking soft-delete repair contract passed
✔ test_external_completion_residual_booking_soft_delete_20260903.js (142.9387ms)
external completion independent-review repair contract passed
✔ test_external_completion_review_repairs_20260903.js (144.7606ms)
external completion workshop-status append-only repair contract passed
✔ test_external_completion_workshop_status_repair_20260903.js (144.6997ms)
external/non-Navision completion 20260903 contract passed
✔ test_external_non_navision_completion_20260903.js (146.4391ms)
final authoritative PDC lifecycle 700 contract passed
✔ test_final_authoritative_pdc_lifecycle_700.js (153.169ms)
final authoritative PDC lifecycle 706 collision-safe successor contract passed
✔ test_final_authoritative_pdc_lifecycle_706.js (127.7235ms)
Fresh-import full operational reset 466: PASS
✔ test_fresh_import_full_operational_reset_466.js (129.2493ms)
identity, zero-hour projection and authoritative booking duration: PASS
✔ test_identity_zero_hours_booking_duration.js (172.2376ms)
Inline vehicle-card Parts shared save contract passed.
✔ test_inline_vehicle_card_parts_save.js (121.2756ms)
Job Card header-only all-lines 482: PASS
✔ test_jobcard_header_only_all_lines_482.js (151.6722ms)
legacy_website_links: PASS
✔ test_legacy_website_links.js (460.005ms)
Lifecycle history 82000 contract passed
✔ test_lifecycle_history_82000.js (150.0239ms)
Linked salesperson email recipient contract passed.
✔ test_linked_salesperson_email.js (149.1952ms)
PASS: ordinary manual vehicle creation fails closed before browser-local state in shared mode
✔ test_manual_vehicle_shared_mode_fail_closed.js (150.2317ms)
PASS mobile navigation compact-width regression
✔ test_mobile_navigation_compact_width.js (148.3985ms)
Modal EMAIL UPDATE selection contract passed.
✔ test_modal_email_update_selection.js (148.0553ms)
Modal keyboard focus containment and return contract passed.
✔ test_modal_keyboard_focus.js (155.5715ms)
Movable Admin palette duration contract passed.
✔ test_movable_admin_palette.js (138.997ms)
All-vehicle Navision link and refresh parity guard 494: PASS
✔ test_navision_all_vehicle_link_refresh_guard_494.js (148.5771ms)
708 Navision delivery scope alignment successor contract passed
✔ test_navision_delivery_scope_alignment_708.js (142.6073ms)
707 Navision delivery security successor contract passed
✔ test_navision_delivery_security_successor_707.js (142.1936ms)
Navision 768 client preflight regression: exact Stock, invalid fields, dealer scope, valid siblings, atomicity and no-localStorage checks passed
✔ test_navision_import_preflight_768.js (142.1183ms)
Navision JITA shared projection: PASS
✔ test_navision_jita_shared_projection_378.js (145.5405ms)
Navision linked location projection successor: PASS
✔ test_navision_linked_location_projection_20260905.js (116.9915ms)
Navision linked vehicle refresh 481: PASS
✔ test_navision_linked_vehicle_refresh_481.js (119.0133ms)
Navision preview immediate busy state: PASS
✔ test_navision_preview_busy_state.js (121.4483ms)
Migration 096 unique Stock/Navision authority contract passed
✔ test_navision_stock_authority_096.js (123.0281ms)
Non-Navision Job Card current contract regression: PASS
✔ test_non_navision_jobcard_contract_20260904.js (125.6582ms)
Audited non-Navision Job Card VIN projection contract: PASS
✔ test_non_navision_jobcard_vin_projection_20260904.js (128.2569ms)
Operation estimate planned cascade 463: PASS
✔ test_operation_estimate_planned_cascade_463.js (158.2764ms)
Operational closure 411 contract passed.
✔ test_operational_closure_411.js (172.8179ms)
Class-level operational refresh regression passed.
✔ test_operational_refresh_class.js (157.7772ms)
orphan_workshop_booking_repair: PASS
✔ test_orphan_workshop_booking_repair.js (139.4992ms)
Overnight QA UI remediation contracts: PASS
✔ test_overnight_qa_ui_remediation_20260905.js (161.0042ms)
owner_supplied_document_jobcard_396: PASS
✔ test_owner_supplied_document_jobcard_396.js (145.1753ms)
Immediate Parts ETA feedback and specific ordered errors: PASS
✔ test_parts_eta_immediate_feedback.js (152.5374ms)
Parts ordered ETA prerequisite contract: PASS
✔ test_parts_order_eta_377.js (157.6672ms)
Parts ordered notification-delta containment 451: PASS
✔ test_parts_order_notification_delta_451.js (140.2285ms)
Parts Mark ordered dedicated presentation: PASS
✔ test_parts_ordered_button_style.js (146.6507ms)
Parts ordered orange booked projection: PASS
✔ test_parts_ordered_projection_color.js (157.1469ms)
Parts projection identity regression contract passed.
✔ test_parts_projection_identity.js (137.5105ms)
Parts queue canonical readback contract passed.
✔ test_parts_queue_canonical_readback.js (147.2353ms)
Shared canonical/Navision/email Parts Received identity contract passed.
✔ test_parts_received_shared_identity.js (159.9789ms)
Shared Parts ordered/complete contract passed.
✔ test_parts_shared_actions.js (129.6239ms)
Parts snapshot completion/projection passed.
✔ test_parts_snapshot_completion_projection.js (127.7585ms)
Parts STOPPAGE runtime containment repair migration contract: PASS
✔ test_parts_stoppage_runtime_containment_repair_20260904.js (156.1662ms)
PDC-14 canonical work-state successor: PASS
✔ test_pdc14_canonical_work_state_successor.js (156.8601ms)
PDC-14 Control Board parity regression: PASS
✔ test_pdc14_control_board_parity.js (161.8396ms)
PDC-14 Copy Stock feedback regression: PASS
✔ test_pdc14_copy_stock_feedback_20260904.js (147.7487ms)
PDC-14 location detail reconciliation regression: PASS
✔ test_pdc14_location_detail_reconciliation_20260904.js (153.0026ms)
PDC-14 location replay-idempotency successor: PASS
✔ test_pdc14_location_replay_successor.js (152.5355ms)
PDC-14 synthetic Operator helper contract: PASS
✔ test_pdc14_synthetic_operator_helper.js (152.453ms)
PDC all-Inbox action queue 458: PASS
✔ test_pdc_all_inbox_action_queue_458.js (152.3962ms)
PDC Auditor Parts received 738 source contract passed.
✔ test_pdc_auditor_parts_received_738.js (152.076ms)
PDC Board checklist closure hostile contract: PASS
✔ test_pdc_board_checklist_closure_20260831.js (156.7439ms)
PDC controller Parts correction 742 source contract passed.
✔ test_pdc_controller_parts_correction_742.js (138.8174ms)
PDC controller Parts correction 745 ETA repair source contract passed.
✔ test_pdc_controller_parts_correction_745.js (142.0312ms)
PASS: PDC Email AI v2 browser action boundary is typed, staging-only, and readback-bound
✔ test_pdc_email_ai_v2_actions.js (143.1172ms)
PDC final Inbox monitor runtime 456: PASS
✔ test_pdc_final_inbox_monitor_runtime_456.js (142.7154ms)
PDC Inbox monitor activation 454: PASS
✔ test_pdc_inbox_monitor_activation_454.js (146.0825ms)
PDC Inbox review and archive runtime 455: PASS
✔ test_pdc_inbox_review_archive_runtime_455.js (117.3557ms)
PDC contained runtime 504 successor contract passed: exact reviewed pair, predecessor drift guard, append-only immutable RLS history, least-privilege RPCs, idempotency, rollback metadata, and fail-closed readiness
✔ test_pdc_monitor_contained_successor_504.js (118.1827ms)
PDC owner monitor summary 457: PASS
✔ test_pdc_owner_monitor_summary_457.js (120.5889ms)
Planner compact header and RFT email status: PASS
✔ test_planner_header_rft_email_status.js (122.5581ms)
PASS: shared lifecycle mode hides and rejects legacy browser-local PMB bay mutations before side effects
✔ test_pmb_legacy_shared_mode_fail_closed.js (122.8666ms)
Stock 13000776 complete purge 483: PASS
✔ test_purge_stock_13000776_483.js (151.3905ms)
QC finalization 399 contract: 18 assertions passed.
✔ test_qc_finalization_399.js (149.8854ms)
QC mobile drill-in and queued receipt-backed saves: PASS
✔ test_qc_mobile_drilldown_queue.js (151.5592ms)
QC mobile refresh/projection regression: PASS
✔ test_qc_mobile_refresh_regression_20260904.js (150.5579ms)
Mobile QC sign-off has no label printing: PASS
✔ test_qc_no_label_printing.js (149.3714ms)
QC per-operation completion contract: PASS
✔ test_qc_operation_completion_379.js (154.8653ms)
QC operation projection restoration 395: PASS
✔ test_qc_operation_projection_395.js (139.1479ms)
QC operation source Job Card projection 380: PASS
✔ test_qc_operation_source_jc_380.js (145.4417ms)
QC page contract: 22 assertions passed.
✔ test_qc_page.js (145.9111ms)
QC mobile staging-base retest projection, iOS fallback, cycle receipt and finalize contract passed
✔ test_qc_photo_mobile_upload.js (144.1734ms)
QC vehicle reject 767 contract passed
✔ test_qc_vehicle_reject_767.js (144.8017ms)
QC vehicle reject 767 service contract passed
✔ test_qc_vehicle_reject_767_service.js (144.2846ms)
Raw snapshot to DTO mapper stale-state regression passed.
✔ test_raw_snapshot_mapper_work_state.js (144.3762ms)
Ready-for-QC immediate projection refresh: PASS
✔ test_ready_for_qc_immediate_projection.js (143.8494ms)
registered_replay_containment_repair_437: PASS
✔ test_registered_replay_containment_repair_437.js (148.5215ms)
Preview bootstrap guard and canonical provenance caller contract passed
✔ test_release_bootstrap_provenance_20260904.js (120.5451ms)
removed_operation_workbay_reconciliation: PASS
✔ test_removed_operation_workbay_reconciliation.js (121.2942ms)
Reset review remediation 467-469: PASS
✔ test_reset_review_remediation_467_468.js (121.685ms)
receipt-backed collected vehicle survives authoritative reconciliation: PASS
✔ test_rft_completed_projection_428.js (151.0889ms)
authoritative RFT confirmation toggle 736 contract passed
✔ test_rft_confirmation_toggle_736.js (151.432ms)
sealed RFT salesperson email interception contract passed
✔ test_rft_email_intercept_429.js (149.8678ms)
RFT transport email draft 739 contract: PASS
✔ test_rft_transport_email_draft_739.js (148.4554ms)
RFT Workshop detail lifecycle support contract: PASS
✔ test_rft_workshop_detail_active_only.js (146.7528ms)
Salesperson receipt-first readback race regression: PASS
Salesperson accepted receipt generation-race integration: PASS
✔ test_salesperson_readback_race.js (410.8431ms)
Salesperson derived-stoppage save contract passed.
✔ test_salesperson_save_derived_stoppage.js (140.4772ms)
Server-only salesperson/detail fail-closed safeguard: PASS
✔ test_salesperson_server_only_safeguard.js (140.625ms)
PASS shared vehicle-location mutations fail closed before browser-local authority
✔ test_shared_location_mutations_fail_closed.js (140.5204ms)
Shared Parts post-save reconciliation contract passed.
✔ test_shared_parts_post_save_reconciliation.js (138.4169ms)
Shared Parts save diagnostics contract passed.
✔ test_shared_parts_save_diagnostics.js (137.9313ms)
Shared work-state stale projection and Save hang contract passed.
✔ test_shared_work_state_overlay.js (133.0042ms)
Compact desktop sidebar spacing: PASS
✔ test_sidebar_compact_spacing.js (131.8771ms)
staging_containment_drift_repair_436: PASS
✔ test_staging_containment_drift_repair_436.js (132.8786ms)
staging_containment_readback_column_repair_433: PASS
✔ test_staging_containment_readback_column_repair_433.js (135.7333ms)
Staging Parts completion migration contract passed.
✔ test_staging_parts_completion_259.js (107.7013ms)
staging_protected_state_containment_432: PASS
✔ test_staging_protected_state_containment_432.js (110.1505ms)
Staging reset archive/Navision reconciliation order 495: PASS
✔ test_staging_reset_archive_repair_495.js (114.4961ms)
Started indefinite-duration and overtime chip contract passed.
✔ test_started_indefinite_overtime_chip.js (117.3512ms)
Stock 13017855 requirement/Parts/navigation safety contract passed
✔ test_stock_13017855_followup_contract.js (120.5668ms)
stoppage/RFT transport 412 contract passed
✔ test_stoppage_rft_transport_412.js (121.8178ms)
Sublet authenticated ledger read service contract passed
✔ test_sublet_audit_read_service.js (149.8709ms)
Sublet Calendar Month default regression contract passed.
✔ test_sublet_calendar_default.js (167.7893ms)
Canonical Sublet provider mutation contract passed.
✔ test_sublet_canonical_provider_mutation_399.js (142.8874ms)
Sublet vehicle-modal stacking contract passed.
✔ test_sublet_modal_layering.js (140.9652ms)
Sublet canonical booking requirement projection tests passed
✔ test_sublet_projection.js (139.9596ms)
Sublet projection/read contract tests passed
✔ test_sublet_projection_contract.js (146.1768ms)
Sublet workgroup active/no/cancelled/returned/completed DOM regression: PASS
✔ test_sublet_workgroup_projection_20260831.js (163.8932ms)
targeted Workshop, Parts and PMB STOPPAGE contract passed
✔ test_targeted_stoppage_422.js (135.6911ms)
typed Monitor Parts-complete migration 324 contract passed
✔ test_typed_monitor_parts_complete_324.js (136.3592ms)
U158318 exact classifier successor regression: PASS
✔ test_u158318_classifier_successor_20260904.js (142.7442ms)
uid590_591_exact_reinstatement: PASS
✔ test_uid590_591_exact_reinstatement.js (142.9482ms)
uid590_591_runtime_repair: PASS
✔ test_uid590_591_runtime_repair.js (143.1224ms)
UID632 complete operation contract 478-480: PASS
✔ test_uid632_complete_operations_478_480.js (143.3441ms)
UID635 one-shot activation 484: PASS
✔ test_uid635_one_shot_activation_484.js (148.79ms)
UID635 receipt-backed import chain 486-491: PASS
✔ test_uid635_receipt_backed_import_486_491.js (123.6589ms)
Unified sales dashboard staging contract passed.
✔ test_unified_sales_dashboard.js (125.9003ms)
Vehicle detail one-row booking pills and orange booked state: PASS
✔ test_vehicle_detail_booking_pills.js (137.7671ms)
Vehicle detail explicit Sublet operation regression: PASS
✔ test_vehicle_detail_explicit_sublet_operation_20260904.js (123.5137ms)
Vehicle Locations refresh regression passed.
✔ test_vehicle_locations_refresh.js (135.5075ms)
Vehicle Locations deployed-module DOM click delegation regression passed.
✔ test_vehicle_locations_refresh_dom_click.js (138.581ms)
Vehicle Locations RFT transport controls regression: PASS
✔ test_vehicle_locations_rft_transport_controls.js (136.0642ms)
Vehicle Locations stock and simplified Workshop planner operations: PASS
✔ test_vehicle_locations_workshop_simplification.js (137.7173ms)
Vehicle modal authoritative projection and save sequencing: PASS
✔ test_vehicle_modal_authoritative_projection.js (170.3763ms)
Vehicle modal authenticated identity recovery regression passed.
✔ test_vehicle_modal_identity_recovery.js (167.9866ms)
Vehicle modal exact Stock 13017855 save-rebind regression passed.
✔ test_vehicle_modal_save_rebind.js (177.0983ms)
Vehicle workshop batch-hours service contract passed
✔ test_vehicle_workshop_hours_batch_768.js (156.2453ms)
Vehicle workshop hours batch regression matrix passed
✔ test_vehicle_workshop_hours_batch_768_regression.js (152.5501ms)
Workshop Admin multi-day calendar/projection regression checks passed.
✔ test_workshop_admin_block_multiday.js (181.2076ms)
Workshop Admin modal Escape/focus-return contract passed.
✔ test_workshop_admin_modal_keyboard.js (148.7137ms)
Workshop diagnostics hidden and Best slot current-time recompute: PASS
✔ test_workshop_best_slot_recompute.js (144.512ms)
workshop_booking_estimated_hours: PASS
✔ test_workshop_booking_estimated_hours.js (142.2736ms)
Workshop canonical booking snapshot authority 397 contract passed.
✔ test_workshop_canonical_booking_snapshot_authority_397.js (163.035ms)
workshop_chip_resize_routing: PASS
✔ test_workshop_chip_resize_routing.js (144.7491ms)
Dedicated Workshop planner opens directly on its schedule: PASS
✔ test_workshop_dedicated_clean_shell.js (153.08ms)
Workshop dedicated booking detail selection contract passed.
✔ test_workshop_dedicated_detail_selection.js (152.8253ms)
Workshop detail lifecycle read 453: PASS
✔ test_workshop_detail_lifecycle_453.js (156.7571ms)
Workshop ETA + 7 authority contract passed.
✔ test_workshop_eta_plus_seven_authority_20260903.js (155.9649ms)
workshop_exact_operation_minutes: PASS
✔ test_workshop_exact_operation_minutes.js (115.8794ms)
Focused Workshop booking contract passed.
✔ test_workshop_focused_booking.js (110.4544ms)
Workshop complete operation projection and exact stage total: PASS
✔ test_workshop_operation_projection_exact_total.js (103.6102ms)
Future-only and owner correction contract passed.
✔ test_workshop_owner_corrections.js (97.6251ms)
Workshop recovery future start 460: PASS
✔ test_workshop_recovery_future_start_460.js (91.5653ms)
Workshop recovery overlap containment 459: PASS
✔ test_workshop_recovery_overlap_containment_459.js (84.2009ms)
Workshop transactional recovery snapshot resilience: PASS
✔ test_workshop_recovery_snapshot_resilience.js (76.9616ms)
Workshop recovery validation containment 461: PASS
✔ test_workshop_recovery_validation_containment_461.js (69.9031ms)
Workshop scheduled allocation authority contract passed.
✔ test_workshop_scheduled_allocation_authority.js (62.5538ms)
Shared Workshop avoids reversible browser-only cascades: PASS
✔ test_workshop_shared_cascade_persistence.js (58.6874ms)
Workshop whole-minute stage estimate 407 contract passed.
✔ test_workshop_stage_estimated_minutes_407.js (53.5644ms)
Workshop STOPPAGE projects into Fix First: PASS
✔ test_workshop_stoppage_fix_first.js (52.8907ms)
Workshop timeline duration geometry and bold aligned typography: PASS
✔ test_workshop_timeline_duration_geometry.js (50.7598ms)
Workshop toolbar hours and compact date navigation: PASS
✔ test_workshop_toolbar_hours_layout.js (48.7ms)
ℹ tests 189
ℹ suites 0
ℹ pass 189
ℹ fail 0
ℹ cancelled 0
ℹ skipped 0
ℹ todo 0
ℹ duration_ms 1885.3257
