acceptance_closure_contract: PASS
✔ test_acceptance_closure_contract.js (139.4376ms)
acceptance_containment_rebind_434: PASS
✔ test_acceptance_containment_rebind_434.js (114.6056ms)
acceptance_postcondition_delta_435: PASS
✔ test_acceptance_postcondition_delta_435.js (116.2993ms)
acceptance_stale_before_binding_439: PASS
✔ test_acceptance_stale_before_binding_439.js (126.1794ms)
acceptance_stale_fast_path_438: PASS
✔ test_acceptance_stale_fast_path_438.js (127.6871ms)
acceptance_stale_nonretryable_440: PASS
✔ test_acceptance_stale_nonretryable_440.js (129.1574ms)
Acceptance Sublet cleanup 733 staging contract passed
✔ test_acceptance_sublet_cleanup_733.js (129.8037ms)
Admin block atomic cascade contract passed.
✔ test_admin_block_atomic_cascade.js (130.4265ms)
Admin completed-history exclusion 452: PASS
✔ test_admin_completed_history_452.js (130.0704ms)
All Parts actions shared target contract passed.
✔ test_all_parts_shared_target.js (132.4896ms)
All-vehicle Job Card operation projection parity guard 493: PASS
✔ test_all_vehicle_operation_projection_guard_493.js (134.6602ms)
authenticated_operation_summary_adjustments: PASS
✔ test_authenticated_operation_summary_adjustments.js (134.8346ms)
authenticated operation Workshop projection: PASS
✔ test_authenticated_operation_workshop_projection.js (134.8985ms)
751_authenticated_parts_received_contract passed.
✔ test_authenticated_parts_received_751.js (135.1617ms)
authoritative Parts STOPPAGE/recovery contract: PASS
✔ test_authoritative_parts_stoppage_376.js (137.0275ms)
Authoritative planned repack 462: PASS
✔ test_authoritative_planned_repack_462.js (125.1129ms)
Authoritative salesperson assignment 386 contract: PASS
✔ test_authoritative_salesperson_assignment_386.js (134.0403ms)
Direct Inbox reset cutoff 467: PASS
✔ test_bind_direct_inbox_reset_cutoff_467.js (116.2607ms)
Complete QC/Board Job Card operation projection 492: PASS
✔ test_complete_qc_operation_projection_492.js (130.29ms)
Complete vehicle delete SQL contract passed.
✔ test_complete_vehicle_delete_contract.js (131.3132ms)
Complete vehicle delete negative matrix contract passed.
✔ test_complete_vehicle_delete_negative_matrix.js (131.5645ms)
Complete vehicle delete UI/service contract passed.
✔ test_complete_vehicle_delete_ui.js (134.0296ms)
Craig staging repairs regression: PASS
✔ test_craig_staging_repairs_20260904.js (133.8562ms)
PASS: shared lifecycle mode disables and rejects CRM browser-local restore before parsing, confirmation, or storage
✔ test_crm_restore_shared_mode_fail_closed.js (155.3777ms)
Deferred PIT QC detail regression: PASS
✔ test_deferred_pit_qc_detail_20260904.js (151.6324ms)
Deferred PIT QC gate regression: PASS
✔ test_deferred_pit_qc_gate_20260904.js (146.9568ms)
durable RFT transport lifecycle 734 contract passed
✔ test_durable_rft_transport_lifecycle_734.js (148.9546ms)
Dynamic required-work payload and canonical readback contract passed.
✔ test_dynamic_required_work_payload.js (147.9024ms)
email_authoritative_board: PASS
✔ test_email_authoritative_board.js (146.4335ms)
EMAIL UPDATE modal layering contract passed.
✔ test_email_update_modal_layering.js (153.2101ms)
UID639/640 exact all-operation import release checks passed.
✔ test_exact_uid639_640_import_501.js (137.3999ms)
external completion canonical booking-history repair contract passed
✔ test_external_completion_booking_history_revision_20260903.js (148.1505ms)
external completion delivery-milestone scope contract passed
✔ test_external_completion_delivery_milestone_scope_20260903.js (146.8048ms)
external completion hidden-booking cancellation repair contract passed
✔ test_external_completion_hidden_booking_cancel_20260903.js (143.521ms)
external completion residual-booking soft-delete repair contract passed
✔ test_external_completion_residual_booking_soft_delete_20260903.js (144.3526ms)
external completion independent-review repair contract passed
✔ test_external_completion_review_repairs_20260903.js (147.8626ms)
external completion workshop-status append-only repair contract passed
✔ test_external_completion_workshop_status_repair_20260903.js (147.9369ms)
external/non-Navision completion 20260903 contract passed
✔ test_external_non_navision_completion_20260903.js (154.7342ms)
final authoritative PDC lifecycle 700 contract passed
✔ test_final_authoritative_pdc_lifecycle_700.js (136.0453ms)
final authoritative PDC lifecycle 706 collision-safe successor contract passed
✔ test_final_authoritative_pdc_lifecycle_706.js (138.7902ms)
Fresh-import full operational reset 466: PASS
✔ test_fresh_import_full_operational_reset_466.js (140.8311ms)
identity, zero-hour projection and authoritative booking duration: PASS
✔ test_identity_zero_hours_booking_duration.js (150.4312ms)
Inline vehicle-card Parts shared save contract passed.
✔ test_inline_vehicle_card_parts_save.js (134.8709ms)
Job Card header-only all-lines 482: PASS
✔ test_jobcard_header_only_all_lines_482.js (145.2768ms)
legacy_website_links: PASS
✔ test_legacy_website_links.js (244.0834ms)
Lifecycle history 82000 contract passed
✔ test_lifecycle_history_82000.js (142.2302ms)
Linked salesperson email recipient contract passed.
✔ test_linked_salesperson_email.js (139.8522ms)
PASS: ordinary manual vehicle creation fails closed before browser-local state in shared mode
✔ test_manual_vehicle_shared_mode_fail_closed.js (164.1607ms)
PASS mobile navigation compact-width regression
✔ test_mobile_navigation_compact_width.js (163.6509ms)
Modal EMAIL UPDATE selection contract passed.
✔ test_modal_email_update_selection.js (160.5366ms)
Modal keyboard focus containment and return contract passed.
✔ test_modal_keyboard_focus.js (156.1278ms)
Movable Admin palette duration contract passed.
✔ test_movable_admin_palette.js (152.9323ms)
All-vehicle Navision link and refresh parity guard 494: PASS
✔ test_navision_all_vehicle_link_refresh_guard_494.js (144.6856ms)
708 Navision delivery scope alignment successor contract passed
✔ test_navision_delivery_scope_alignment_708.js (144.6039ms)
707 Navision delivery security successor contract passed
✔ test_navision_delivery_security_successor_707.js (150.2588ms)
Navision 768 client preflight regression: exact Stock, invalid fields, dealer scope, valid siblings, atomicity and no-localStorage checks passed
✔ test_navision_import_preflight_768.js (151.4773ms)
Navision JITA shared projection: PASS
✔ test_navision_jita_shared_projection_378.js (150.748ms)
Navision linked vehicle refresh 481: PASS
✔ test_navision_linked_vehicle_refresh_481.js (149.8436ms)
Navision preview immediate busy state: PASS
✔ test_navision_preview_busy_state.js (151.0866ms)
Migration 096 unique Stock/Navision authority contract passed
✔ test_navision_stock_authority_096.js (145.8075ms)
Non-Navision Job Card current contract regression: PASS
✔ test_non_navision_jobcard_contract_20260904.js (147.0607ms)
Audited non-Navision Job Card VIN projection contract: PASS
✔ test_non_navision_jobcard_vin_projection_20260904.js (128.2302ms)
Operation estimate planned cascade 463: PASS
✔ test_operation_estimate_planned_cascade_463.js (127.5959ms)
Operational closure 411 contract passed.
✔ test_operational_closure_411.js (156.4878ms)
Class-level operational refresh regression passed.
✔ test_operational_refresh_class.js (132.3638ms)
orphan_workshop_booking_repair: PASS
✔ test_orphan_workshop_booking_repair.js (116.4134ms)
owner_supplied_document_jobcard_396: PASS
✔ test_owner_supplied_document_jobcard_396.js (127.6059ms)
Immediate Parts ETA feedback and specific ordered errors: PASS
✔ test_parts_eta_immediate_feedback.js (135.0818ms)
Parts ordered ETA prerequisite contract: PASS
✔ test_parts_order_eta_377.js (148.4859ms)
Parts ordered notification-delta containment 451: PASS
✔ test_parts_order_notification_delta_451.js (128.9584ms)
Parts Mark ordered dedicated presentation: PASS
✔ test_parts_ordered_button_style.js (141.9119ms)
Parts ordered orange booked projection: PASS
✔ test_parts_ordered_projection_color.js (171.769ms)
Parts projection identity regression contract passed.
✔ test_parts_projection_identity.js (155.5786ms)
Parts queue canonical readback contract passed.
✔ test_parts_queue_canonical_readback.js (161.0848ms)
Shared canonical/Navision/email Parts Received identity contract passed.
✔ test_parts_received_shared_identity.js (158.8335ms)
Shared Parts ordered/complete contract passed.
✔ test_parts_shared_actions.js (156.8793ms)
Parts snapshot completion/projection passed.
✔ test_parts_snapshot_completion_projection.js (150.8714ms)
PDC-14 canonical work-state successor: PASS
✔ test_pdc14_canonical_work_state_successor.js (152.9833ms)
PDC-14 Control Board parity regression: PASS
✔ test_pdc14_control_board_parity.js (166.8016ms)
PDC-14 location replay-idempotency successor: PASS
✔ test_pdc14_location_replay_successor.js (149.4873ms)
PDC-14 synthetic Operator helper contract: PASS
✔ test_pdc14_synthetic_operator_helper.js (158.0739ms)
PDC all-Inbox action queue 458: PASS
✔ test_pdc_all_inbox_action_queue_458.js (156.9422ms)
PDC Auditor Parts received 738 source contract passed.
✔ test_pdc_auditor_parts_received_738.js (156.9032ms)
PDC Board checklist closure hostile contract: PASS
✔ test_pdc_board_checklist_closure_20260831.js (170.2689ms)
PDC controller Parts correction 742 source contract passed.
✔ test_pdc_controller_parts_correction_742.js (147.2211ms)
PDC controller Parts correction 745 ETA repair source contract passed.
✔ test_pdc_controller_parts_correction_745.js (158.3607ms)
PASS: PDC Email AI v2 browser action boundary is typed, staging-only, and readback-bound
✔ test_pdc_email_ai_v2_actions.js (137.0023ms)
PDC final Inbox monitor runtime 456: PASS
✔ test_pdc_final_inbox_monitor_runtime_456.js (141.7211ms)
PDC Inbox monitor activation 454: PASS
✔ test_pdc_inbox_monitor_activation_454.js (147.524ms)
PDC Inbox review and archive runtime 455: PASS
✔ test_pdc_inbox_review_archive_runtime_455.js (154.7842ms)
PDC contained runtime 504 successor contract passed: exact reviewed pair, predecessor drift guard, append-only immutable RLS history, least-privilege RPCs, idempotency, rollback metadata, and fail-closed readiness
✔ test_pdc_monitor_contained_successor_504.js (158.0146ms)
PDC owner monitor summary 457: PASS
✔ test_pdc_owner_monitor_summary_457.js (160.2272ms)
Planner compact header and RFT email status: PASS
✔ test_planner_header_rft_email_status.js (159.7238ms)
PASS: shared lifecycle mode hides and rejects legacy browser-local PMB bay mutations before side effects
✔ test_pmb_legacy_shared_mode_fail_closed.js (162.8746ms)
Stock 13000776 complete purge 483: PASS
✔ test_purge_stock_13000776_483.js (146.3428ms)
QC finalization 399 contract: 18 assertions passed.
✔ test_qc_finalization_399.js (157.5027ms)
QC mobile drill-in and queued receipt-backed saves: PASS
✔ test_qc_mobile_drilldown_queue.js (189.066ms)
QC mobile refresh/projection regression: PASS
✔ test_qc_mobile_refresh_regression_20260904.js (187.3222ms)
Mobile QC sign-off has no label printing: PASS
✔ test_qc_no_label_printing.js (182.3486ms)
QC per-operation completion contract: PASS
✔ test_qc_operation_completion_379.js (192.8878ms)
QC operation projection restoration 395: PASS
✔ test_qc_operation_projection_395.js (167.4631ms)
QC operation source Job Card projection 380: PASS
✔ test_qc_operation_source_jc_380.js (164.8047ms)
QC page contract: 22 assertions passed.
✔ test_qc_page.js (169.6105ms)
QC mobile staging-base retest projection, iOS fallback, cycle receipt and finalize contract passed
✔ test_qc_photo_mobile_upload.js (167.0838ms)
QC vehicle reject 767 contract passed
✔ test_qc_vehicle_reject_767.js (162.5499ms)
QC vehicle reject 767 service contract passed
✔ test_qc_vehicle_reject_767_service.js (161.2616ms)
Raw snapshot to DTO mapper stale-state regression passed.
✔ test_raw_snapshot_mapper_work_state.js (159.4306ms)
Ready-for-QC immediate projection refresh: PASS
✔ test_ready_for_qc_immediate_projection.js (159.5098ms)
registered_replay_containment_repair_437: PASS
✔ test_registered_replay_containment_repair_437.js (162.5065ms)
Preview bootstrap guard and canonical provenance caller contract passed
✔ test_release_bootstrap_provenance_20260904.js (163.9077ms)
removed_operation_workbay_reconciliation: PASS
✔ test_removed_operation_workbay_reconciliation.js (160.9874ms)
Reset review remediation 467-469: PASS
✔ test_reset_review_remediation_467_468.js (129.4773ms)
receipt-backed collected vehicle survives authoritative reconciliation: PASS
✔ test_rft_completed_projection_428.js (128.5511ms)
authoritative RFT confirmation toggle 736 contract passed
✔ test_rft_confirmation_toggle_736.js (129.3911ms)
sealed RFT salesperson email interception contract passed
✔ test_rft_email_intercept_429.js (153.8655ms)
RFT transport email draft 739 contract: PASS
✔ test_rft_transport_email_draft_739.js (153.6119ms)
RFT Workshop detail lifecycle support contract: PASS
✔ test_rft_workshop_detail_active_only.js (151.345ms)
Salesperson receipt-first readback race regression: PASS
Salesperson accepted receipt generation-race integration: PASS
✔ test_salesperson_readback_race.js (419.5033ms)
Salesperson derived-stoppage save contract passed.
✔ test_salesperson_save_derived_stoppage.js (140.5628ms)
Server-only salesperson/detail fail-closed safeguard: PASS
✔ test_salesperson_server_only_safeguard.js (137.4364ms)
PASS shared vehicle-location mutations fail closed before browser-local authority
✔ test_shared_location_mutations_fail_closed.js (135.5622ms)
Shared Parts post-save reconciliation contract passed.
✔ test_shared_parts_post_save_reconciliation.js (136.0098ms)
Shared Parts save diagnostics contract passed.
✔ test_shared_parts_save_diagnostics.js (134.2835ms)
Shared work-state stale projection and Save hang contract passed.
✔ test_shared_work_state_overlay.js (131.8871ms)
Compact desktop sidebar spacing: PASS
✔ test_sidebar_compact_spacing.js (131.2838ms)
staging_containment_drift_repair_436: PASS
✔ test_staging_containment_drift_repair_436.js (133.3373ms)
staging_containment_readback_column_repair_433: PASS
✔ test_staging_containment_readback_column_repair_433.js (134.8389ms)
Staging Parts completion migration contract passed.
✔ test_staging_parts_completion_259.js (136.4217ms)
staging_protected_state_containment_432: PASS
✔ test_staging_protected_state_containment_432.js (142.9313ms)
Staging reset archive/Navision reconciliation order 495: PASS
✔ test_staging_reset_archive_repair_495.js (120.0949ms)
Started indefinite-duration and overtime chip contract passed.
✔ test_started_indefinite_overtime_chip.js (121.5057ms)
Stock 13017855 requirement/Parts/navigation safety contract passed
✔ test_stock_13017855_followup_contract.js (122.3052ms)
stoppage/RFT transport 412 contract passed
✔ test_stoppage_rft_transport_412.js (121.0309ms)
Sublet authenticated ledger read service contract passed
✔ test_sublet_audit_read_service.js (122.4269ms)
Sublet Calendar Month default regression contract passed.
✔ test_sublet_calendar_default.js (165.3498ms)
Canonical Sublet provider mutation contract passed.
✔ test_sublet_canonical_provider_mutation_399.js (116.5712ms)
Sublet vehicle-modal stacking contract passed.
✔ test_sublet_modal_layering.js (117.715ms)
Sublet canonical booking requirement projection tests passed
✔ test_sublet_projection.js (146.6011ms)
Sublet projection/read contract tests passed
✔ test_sublet_projection_contract.js (143.1537ms)
Sublet workgroup active/no/cancelled/returned/completed DOM regression: PASS
✔ test_sublet_workgroup_projection_20260831.js (151.4846ms)
targeted Workshop, Parts and PMB STOPPAGE contract passed
✔ test_targeted_stoppage_422.js (128.5846ms)
typed Monitor Parts-complete migration 324 contract passed
✔ test_typed_monitor_parts_complete_324.js (126.8458ms)
U158318 exact classifier successor regression: PASS
✔ test_u158318_classifier_successor_20260904.js (130.0766ms)
uid590_591_exact_reinstatement: PASS
✔ test_uid590_591_exact_reinstatement.js (130.2532ms)
uid590_591_runtime_repair: PASS
✔ test_uid590_591_runtime_repair.js (130.876ms)
UID632 complete operation contract 478-480: PASS
✔ test_uid632_complete_operations_478_480.js (144.9643ms)
UID635 one-shot activation 484: PASS
✔ test_uid635_one_shot_activation_484.js (127.5274ms)
UID635 receipt-backed import chain 486-491: PASS
✔ test_uid635_receipt_backed_import_486_491.js (149.505ms)
Unified sales dashboard staging contract passed.
✔ test_unified_sales_dashboard.js (151.5552ms)
Vehicle detail one-row booking pills and orange booked state: PASS
✔ test_vehicle_detail_booking_pills.js (160.5786ms)
Vehicle detail explicit Sublet operation regression: PASS
✔ test_vehicle_detail_explicit_sublet_operation_20260904.js (120.8919ms)
Vehicle Locations refresh regression passed.
✔ test_vehicle_locations_refresh.js (129.4001ms)
Vehicle Locations deployed-module DOM click delegation regression passed.
✔ test_vehicle_locations_refresh_dom_click.js (132.4098ms)
Vehicle Locations RFT transport controls regression: PASS
✔ test_vehicle_locations_rft_transport_controls.js (134.7404ms)
Vehicle Locations stock and simplified Workshop planner operations: PASS
✔ test_vehicle_locations_workshop_simplification.js (136.4311ms)
Vehicle modal authoritative projection and save sequencing: PASS
✔ test_vehicle_modal_authoritative_projection.js (139.6423ms)
Vehicle modal authenticated identity recovery regression passed.
✔ test_vehicle_modal_identity_recovery.js (138.7689ms)
Vehicle modal exact Stock 13017855 save-rebind regression passed.
✔ test_vehicle_modal_save_rebind.js (160.5477ms)
Vehicle workshop batch-hours service contract passed
✔ test_vehicle_workshop_hours_batch_768.js (136.7896ms)
Vehicle workshop hours batch regression matrix passed
✔ test_vehicle_workshop_hours_batch_768_regression.js (134.1585ms)
Workshop Admin multi-day calendar/projection regression checks passed.
✔ test_workshop_admin_block_multiday.js (177.5682ms)
Workshop Admin modal Escape/focus-return contract passed.
✔ test_workshop_admin_modal_keyboard.js (128.4393ms)
Workshop diagnostics hidden and Best slot current-time recompute: PASS
✔ test_workshop_best_slot_recompute.js (149.8755ms)
workshop_booking_estimated_hours: PASS
✔ test_workshop_booking_estimated_hours.js (153.1557ms)
Workshop canonical booking snapshot authority 397 contract passed.
✔ test_workshop_canonical_booking_snapshot_authority_397.js (158.5128ms)
workshop_chip_resize_routing: PASS
✔ test_workshop_chip_resize_routing.js (141.3827ms)
Dedicated Workshop planner opens directly on its schedule: PASS
✔ test_workshop_dedicated_clean_shell.js (150.1902ms)
Workshop dedicated booking detail selection contract passed.
✔ test_workshop_dedicated_detail_selection.js (151.2948ms)
Workshop detail lifecycle read 453: PASS
✔ test_workshop_detail_lifecycle_453.js (150.3404ms)
Workshop ETA + 7 authority contract passed.
✔ test_workshop_eta_plus_seven_authority_20260903.js (149.8304ms)
workshop_exact_operation_minutes: PASS
✔ test_workshop_exact_operation_minutes.js (139.7933ms)
Focused Workshop booking contract passed.
✔ test_workshop_focused_booking.js (130.5119ms)
Workshop complete operation projection and exact stage total: PASS
✔ test_workshop_operation_projection_exact_total.js (115.7337ms)
Future-only and owner correction contract passed.
✔ test_workshop_owner_corrections.js (107.9975ms)
Workshop recovery future start 460: PASS
✔ test_workshop_recovery_future_start_460.js (100.9382ms)
Workshop recovery overlap containment 459: PASS
✔ test_workshop_recovery_overlap_containment_459.js (95.1034ms)
Workshop recovery failure cannot blank station snapshot: PASS
✔ test_workshop_recovery_snapshot_resilience.js (64.547ms)
Workshop recovery validation containment 461: PASS
✔ test_workshop_recovery_validation_containment_461.js (56.3349ms)
Workshop scheduled allocation authority contract passed.
✔ test_workshop_scheduled_allocation_authority.js (51.1593ms)
Shared Workshop avoids reversible browser-only cascades: PASS
✔ test_workshop_shared_cascade_persistence.js (52.879ms)
Workshop whole-minute stage estimate 407 contract passed.
✔ test_workshop_stage_estimated_minutes_407.js (53.0199ms)
Workshop STOPPAGE projects into Fix First: PASS
✔ test_workshop_stoppage_fix_first.js (53.9946ms)
Workshop timeline duration geometry and bold aligned typography: PASS
✔ test_workshop_timeline_duration_geometry.js (47.1009ms)
Workshop toolbar hours and compact date navigation: PASS
✔ test_workshop_toolbar_hours_layout.js (49.4914ms)
ℹ tests 184
ℹ suites 0
ℹ pass 184
ℹ fail 0
ℹ cancelled 0
ℹ skipped 0
ℹ todo 0
ℹ duration_ms 1839.5731
