node:internal/assert/utils:77
    throw err;
    ^

AssertionError [ERR_ASSERTION]: guarded linked-location successor exists
    at Object.<anonymous> (C:\Hermes-Active\projects\pdc-control-board-staging\.worktrees\t_86e58618\test_navision_linked_location_projection_20260905.js:7:8)
    at Module._compile (node:internal/modules/cjs/loader:1812:14)
    at Object..js (node:internal/modules/cjs/loader:1943:10)
    at Module.load (node:internal/modules/cjs/loader:1533:32)
    at Module._load (node:internal/modules/cjs/loader:1335:12)
    at wrapModuleLoad (node:internal/modules/cjs/loader:255:19)
    at Module.executeUserEntryPoint [as runMain] (node:internal/modules/run_main:154:5)
    at node:internal/main/run_main_module:33:47 {
  generatedMessage: false,
  code: 'ERR_ASSERTION',
  actual: false,
  expected: true,
  operator: '==',
  diff: 'simple'
}

Node.js v24.14.1
